Archive member included to satisfy reference by file (symbol)

../../../../CEENBOT-items\libcapi324v22x.a(ADC_open.o)
                              main.o (ADC_open)
../../../../CEENBOT-items\libcapi324v22x.a(ADC_sample.o)
                              main.o (ADC_sample)
../../../../CEENBOT-items\libcapi324v22x.a(ADC_set_VREF.o)
                              main.o (ADC_set_VREF)
../../../../CEENBOT-items\libcapi324v22x.a(ADC_set_channel.o)
                              main.o (ADC_set_channel)
../../../../CEENBOT-items\libcapi324v22x.a(__ADC_init.o)
                              ../../../../CEENBOT-items\libcapi324v22x.a(ADC_open.o) (__ADC_init)
../../../../CEENBOT-items\libcapi324v22x.a(CBOT_main.o)
                              C:/Program Files (x86)/Atmel/Studio/7.0/Packs/atmel/ATmega_DFP/1.2.150/gcc/dev/atmega324p/avr5/crtatmega324p.o (main)
../../../../CEENBOT-items\libcapi324v22x.a(LCD_open.o)
                              main.o (LCD_open)
../../../../CEENBOT-items\libcapi324v22x.a(LCD_set_PGC_addr.o)
                              ../../../../CEENBOT-items\libcapi324v22x.a(LCD_open.o) (LCD_set_PGC_addr)
../../../../CEENBOT-items\libcapi324v22x.a(LCD_set_RC.o)
                              main.o (LCD_set_RC)
../../../../CEENBOT-items\libcapi324v22x.a(LCD_set_backlight.o)
                              ../../../../CEENBOT-items\libcapi324v22x.a(LCD_open.o) (LCD_set_backlight)
../../../../CEENBOT-items\libcapi324v22x.a(LCD_set_next_PGC.o)
                              ../../../../CEENBOT-items\libcapi324v22x.a(LCD_open.o) (LCD_set_next_PGC)
../../../../CEENBOT-items\libcapi324v22x.a(LCD_write.o)
                              ../../../../CEENBOT-items\libcapi324v22x.a(LCD_open.o) (LCD_write)
../../../../CEENBOT-items\libcapi324v22x.a(__LCD_init.o)
                              ../../../../CEENBOT-items\libcapi324v22x.a(LCD_open.o) (__LCD_init)
../../../../CEENBOT-items\libcapi324v22x.a(LED_tog_pattern.o)
                              main.o (LED_tog_pattern)
../../../../CEENBOT-items\libcapi324v22x.a(__LED_tog_pattern.o)
                              ../../../../CEENBOT-items\libcapi324v22x.a(LED_tog_pattern.o) (__LED_tog_pattern)
../../../../CEENBOT-items\libcapi324v22x.a(SPI_open.o)
                              ../../../../CEENBOT-items\libcapi324v22x.a(LCD_open.o) (SPI_open)
../../../../CEENBOT-items\libcapi324v22x.a(SPI_set_config_func.o)
                              ../../../../CEENBOT-items\libcapi324v22x.a(SPI_open.o) (SPI_set_config_func)
../../../../CEENBOT-items\libcapi324v22x.a(SPI_set_slave_addr.o)
                              ../../../../CEENBOT-items\libcapi324v22x.a(LCD_set_backlight.o) (SPI_set_slave_addr)
../../../../CEENBOT-items\libcapi324v22x.a(SPI_transmit.o)
                              ../../../../CEENBOT-items\libcapi324v22x.a(LCD_set_backlight.o) (SPI_transmit)
../../../../CEENBOT-items\libcapi324v22x.a(__SPI_init.o)
                              ../../../../CEENBOT-items\libcapi324v22x.a(SPI_open.o) (__SPI_init)
../../../../CEENBOT-items\libcapi324v22x.a(STEPPER_open.o)
                              main.o (STEPPER_open)
../../../../CEENBOT-items\libcapi324v22x.a(STEPPER_run.o)
                              main.o (STEPPER_run)
../../../../CEENBOT-items\libcapi324v22x.a(STEPPER_set_dir.o)
                              ../../../../CEENBOT-items\libcapi324v22x.a(STEPPER_run.o) (STEPPER_set_dir)
../../../../CEENBOT-items\libcapi324v22x.a(STEPPER_set_mode.o)
                              ../../../../CEENBOT-items\libcapi324v22x.a(STEPPER_run.o) (STEPPER_set_mode)
../../../../CEENBOT-items\libcapi324v22x.a(STEPPER_set_speed.o)
                              ../../../../CEENBOT-items\libcapi324v22x.a(STEPPER_run.o) (STEPPER_set_speed)
../../../../CEENBOT-items\libcapi324v22x.a(__STEPPER_init.o)
                              ../../../../CEENBOT-items\libcapi324v22x.a(STEPPER_open.o) (__STEPPER_init)
../../../../CEENBOT-items\libcapi324v22x.a(SYS_decrement_refcount.o)
                              ../../../../CEENBOT-items\libcapi324v22x.a(LCD_open.o) (SYS_decrement_refcount)
../../../../CEENBOT-items\libcapi324v22x.a(SYS_globals.o)
                              ../../../../CEENBOT-items\libcapi324v22x.a(SYS_decrement_refcount.o) (CBOT_SYSTEM_refcount)
../../../../CEENBOT-items\libcapi324v22x.a(SYS_increment_refcount.o)
                              ../../../../CEENBOT-items\libcapi324v22x.a(ADC_open.o) (SYS_increment_refcount)
../../../../CEENBOT-items\libcapi324v22x.a(SYS_isOpen.o)
                              ../../../../CEENBOT-items\libcapi324v22x.a(ADC_sample.o) (SYS_isOpen)
../../../../CEENBOT-items\libcapi324v22x.a(ATTINY_open.o)
                              ../../../../CEENBOT-items\libcapi324v22x.a(LCD_open.o) (ATTINY_open)
../../../../CEENBOT-items\libcapi324v22x.a(__ATTINY_initialize_params.o)
                              ../../../../CEENBOT-items\libcapi324v22x.a(ATTINY_open.o) (__ATTINY_initialize_params)
../../../../CEENBOT-items\libcapi324v22x.a(TMRSRVC_delay.o)
[...]
Memory Configuration

Name             Origin             Length             Attributes
text             0x00000000         0x00020000         xr
data             0x00800060         0x0000ffa0         rw !x
eeprom           0x00810000         0x00010000         rw !x
fuse             0x00820000         0x00000003         rw !x
lock             0x00830000         0x00000400         rw !x
signature        0x00840000         0x00000400         rw !x
user_signatures  0x00850000         0x00000400         rw !x
*default*        0x00000000         0xffffffff

Linker script and memory map

Address of section .data set to 0x800100
LOAD C:/Program Files (x86)/Atmel/Studio/7.0/Packs/atmel/ATmega_DFP/1.2.150/gcc/dev/atmega324p/avr5/crtatmega324p.o
LOAD main.o
START GROUP
LOAD ../../../../CEENBOT-items\libcapi324v22x.a
LOAD c:/program files (x86)/atmel/studio/7.0/toolchain/avr8/avr8-gnu-toolchain/bin/../lib/gcc/avr/5.4.0/../../../../avr/lib/avr5\libprintf_flt.a
LOAD c:/program files (x86)/atmel/studio/7.0/toolchain/avr8/avr8-gnu-toolchain/bin/../lib/gcc/avr/5.4.0/../../../../avr/lib/avr5\libm.a
END GROUP
START GROUP
LOAD c:/program files (x86)/atmel/studio/7.0/toolchain/avr8/avr8-gnu-toolchain/bin/../lib/gcc/avr/5.4.0/avr5\libgcc.a
LOAD c:/program files (x86)/atmel/studio/7.0/toolchain/avr8/avr8-gnu-toolchain/bin/../lib/gcc/avr/5.4.0/../../../../avr/lib/avr5\libm.a
LOAD c:/program files (x86)/atmel/studio/7.0/toolchain/avr8/avr8-gnu-toolchain/bin/../lib/gcc/avr/5.4.0/../../../../avr/lib/avr5\libc.a
LOAD C:/Program Files (x86)/Atmel/Studio/7.0/Packs/atmel/ATmega_DFP/1.2.150/gcc/dev/atmega324p/avr5\libatmega324p.a
END GROUP
                0x00020000                __TEXT_REGION_LENGTH__ = DEFINED (__TEXT_REGION_LENGTH__)?__TEXT_REGION_LENGTH__:0x20000
                0x0000ffa0                __DATA_REGION_LENGTH__ = DEFINED (__DATA_REGION_LENGTH__)?__DATA_REGION_LENGTH__:0xffa0
                0x00010000                __EEPROM_REGION_LENGTH__ = DEFINED (__EEPROM_REGION_LENGTH__)?__EEPROM_REGION_LENGTH__:0x10000
                [0x00000003]                __FUSE_REGION_LENGTH__ = DEFINED (__FUSE_REGION_LENGTH__)?__FUSE_REGION_LENGTH__:0x400
                0x00000400                __LOCK_REGION_LENGTH__ = DEFINED (__LOCK_REGION_LENGTH__)?__LOCK_REGION_LENGTH__:0x400
                0x00000400                __SIGNATURE_REGION_LENGTH__ = DEFINED (__SIGNATURE_REGION_LENGTH__)?__SIGNATURE_REGION_LENGTH__:0x400
                0x00000400                __USER_SIGNATURE_REGION_LENGTH__ = DEFINED (__USER_SIGNATURE_REGION_LENGTH__)?__USER_SIGNATURE_REGION_LENGTH__:0x400

.hash
 *(.hash)

.dynsym
 *(.dynsym)

.dynstr
 *(.dynstr)

.gnu.version
 *(.gnu.version)

.gnu.version_d
 *(.gnu.version_d)

.gnu.version_r
 *(.gnu.version_r)

.rel.init
 *(.rel.init)

.rela.init
 *(.rela.init)

.rel.text
 *(.rel.text)
 *(.rel.text.*)
 *(.rel.gnu.linkonce.t*)

.rela.text
 *(.rela.text)
 *(.rela.text.*)
 *(.rela.gnu.linkonce.t*)

.rel.fini
 *(.rel.fini)

.rela.fini
 *(.rela.fini)

.rel.rodata
 *(.rel.rodata)
 *(.rel.rodata.*)
 *(.rel.gnu.linkonce.r*)

.rela.rodata
 *(.rela.rodata)
 *(.rela.rodata.*)
 *(.rela.gnu.linkonce.r*)

.rel.data
 *(.rel.data)
 *(.rel.data.*)
 *(.rel.gnu.linkonce.d*)

.rela.data
 *(.rela.data)
 *(.rela.data.*)
 *(.rela.gnu.linkonce.d*)

.rel.ctors
 *(.rel.ctors)

.rela.ctors
 *(.rela.ctors)

.rel.dtors
 *(.rel.dtors)

.rela.dtors
 *(.rela.dtors)

.rel.got
 *(.rel.got)

.rela.got
 *(.rela.got)

.rel.bss
 *(.rel.bss)

.rela.bss
 *(.rela.bss)

.rel.plt
 *(.rel.plt)

.rela.plt
 *(.rela.plt)

.text           0x00000000     0x3b04
 *(.vectors)
 .vectors       0x00000000       0x7c C:/Program Files (x86)/Atmel/Studio/7.0/Packs/atmel/ATmega_DFP/1.2.150/gcc/dev/atmega324p/avr5/crtatmega324p.o
                0x00000000                __vector_default
                0x00000000                __vectors
 *(.vectors)
 *(.progmem.gcc*)
 .progmem.gcc_fplib
                0x0000007c       0x28 c:/program files (x86)/atmel/studio/7.0/toolchain/avr8/avr8-gnu-toolchain/bin/../lib/gcc/avr/5.4.0/../../../../avr/lib/avr5\libm.a(exp.o)
 .progmem.gcc_fplib
                0x000000a4       0x5a c:/program files (x86)/atmel/studio/7.0/toolchain/avr8/avr8-gnu-toolchain/bin/../lib/gcc/avr/5.4.0/../../../../avr/lib/avr5\libm.a(log.o)
                0x000000fe                . = ALIGN (0x2)
                0x000000fe                __trampolines_start = .
 *(.trampolines)
 .trampolines   0x000000fe        0x0 linker stubs
 *(.trampolines*)
                0x000000fe                __trampolines_end = .
 *libprintf_flt.a:*(.progmem.data)
 .progmem.data  0x000000fe        0x8 c:/program files (x86)/atmel/studio/7.0/toolchain/avr8/avr8-gnu-toolchain/bin/../lib/gcc/avr/5.4.0/../../../../avr/lib/avr5\libprintf_flt.a(vfprintf_flt.o)
 *libc.a:*(.progmem.data)
 .progmem.data  0x00000106       0xfa c:/program files (x86)/atmel/studio/7.0/toolchain/avr8/avr8-gnu-toolchain/bin/../lib/gcc/avr/5.4.0/../../../../avr/lib/avr5\libc.a(ftoa_engine.o)
 *(.progmem*)
 .progmem.data  0x00000200      0x415 ../../../../CEENBOT-items\libcapi324v22x.a(LCD_globals.o)
                0x00000200                char_bitmap
                0x00000415                CEENBoT_Inc_logo_bitmap
                0x00000616                . = ALIGN (0x2)
 *fill*         0x00000615        0x1 
 *(.jumptables)
 *(.jumptables*)
 *(.lowtext)
 *(.lowtext*)
                0x00000616                __ctors_start = .
 *(.ctors)
                0x00000616                __ctors_end = .
                0x00000616                __dtors_start = .
 *(.dtors)
                0x00000616                __dtors_end = .
 SORT(*)(.ctors)
 SORT(*)(.dtors)
 *(.init0)
 .init0         0x00000616        0x0 C:/Program Files (x86)/Atmel/Studio/7.0/Packs/atmel/ATmega_DFP/1.2.150/gcc/dev/atmega324p/avr5/crtatmega324p.o
                0x00000616                __init
 *(.init0)
 *(.init1)
 *(.init1)
 *(.init2)
 .init2         0x00000616        0xc C:/Program Files (x86)/Atmel/Studio/7.0/Packs/atmel/ATmega_DFP/1.2.150/gcc/dev/atmega324p/avr5/crtatmega324p.o
 *(.init2)
 *(.init3)
 *(.init3)
 *(.init4)
 .init4         0x00000622       0x16 c:/program files (x86)/atmel/studio/7.0/toolchain/avr8/avr8-gnu-toolchain/bin/../lib/gcc/avr/5.4.0/avr5\libgcc.a(_copy_data.o)
                0x00000622                __do_copy_data
 .init4         0x00000638       0x10 c:/program files (x86)/atmel/studio/7.0/toolchain/avr8/avr8-gnu-toolchain/bin/../lib/gcc/avr/5.4.0/avr5\libgcc.a(_clear_bss.o)
                0x00000638                __do_clear_bss
 *(.init4)
 *(.init5)
 *(.init5)
 *(.init6)
 *(.init6)
 *(.init7)
 *(.init7)
 *(.init8)
 *(.init8)
 *(.init9)
 .init9         0x00000648        0x8 C:/Program Files (x86)/Atmel/Studio/7.0/Packs/atmel/ATmega_DFP/1.2.150/gcc/dev/atmega324p/avr5/crtatmega324p.o
 *(.init9)
 *(.text)
 .text          0x00000650        0x4 C:/Program Files (x86)/Atmel/Studio/7.0/Packs/atmel/ATmega_DFP/1.2.150/gcc/dev/atmega324p/avr5/crtatmega324p.o
                0x00000650                __vector_22
                0x00000650                __vector_28
                0x00000650                __vector_1
                0x00000650                __vector_24
                0x00000650                __bad_interrupt
                0x00000650                __vector_3
                0x00000650                __vector_23
                0x00000650                __vector_30
                0x00000650                __vector_25
                0x00000650                __vector_19
                0x00000650                __vector_27
                0x00000650                __vector_2
                0x00000650                __vector_21
                0x00000650                __vector_29
                0x00000650                __vector_8
                0x00000650                __vector_26
                0x00000650                __vector_20
 .text          0x00000654       0x16 ../../../../CEENBOT-items\libcapi324v22x.a(ADC_open.o)
                0x00000654                ADC_open
 .text          0x0000066a       0x3a ../../../../CEENBOT-items\libcapi324v22x.a(ADC_sample.o)
                0x0000066a                ADC_sample
 .text          0x000006a4       0x16 ../../../../CEENBOT-items\libcapi324v22x.a(ADC_set_VREF.o)
                0x000006a4                ADC_set_VREF
 .text          0x000006ba       0x6e ../../../../CEENBOT-items\libcapi324v22x.a(ADC_set_channel.o)
                0x000006ba                ADC_set_channel
 .text          0x00000728       0x16 ../../../../CEENBOT-items\libcapi324v22x.a(__ADC_init.o)
                0x00000728                __ADC_init
 .text          0x0000073e       0x12 ../../../../CEENBOT-items\libcapi324v22x.a(CBOT_main.o)
                0x0000073e                main
 .text          0x00000750      0x10c ../../../../CEENBOT-items\libcapi324v22x.a(LCD_open.o)
                0x00000750                LCD_open
 .text          0x0000085c       0x44 ../../../../CEENBOT-items\libcapi324v22x.a(LCD_set_PGC_addr.o)
                0x0000085c                LCD_set_PGC_addr
 .text          0x000008a0       0x2e ../../../../CEENBOT-items\libcapi324v22x.a(LCD_set_RC.o)
                0x000008a0                LCD_set_RC
 .text          0x000008ce       0x42 ../../../../CEENBOT-items\libcapi324v22x.a(LCD_set_backlight.o)
                0x000008ce                LCD_set_backlight
 .text          0x00000910       0x24 ../../../../CEENBOT-items\libcapi324v22x.a(LCD_set_next_PGC.o)
                0x00000910                LCD_set_next_PGC
 .text          0x00000934       0x36 ../../../../CEENBOT-items\libcapi324v22x.a(LCD_write.o)
                0x00000934                LCD_write
 .text          0x0000096a        0x4 ../../../../CEENBOT-items\libcapi324v22x.a(__LCD_init.o)
                0x0000096a                __LCD_init
 .text          0x0000096e       0x18 ../../../../CEENBOT-items\libcapi324v22x.a(LED_tog_pattern.o)
                0x0000096e                LED_tog_pattern
 .text          0x00000986       0x1c ../../../../CEENBOT-items\libcapi324v22x.a(__LED_tog_pattern.o)
                0x00000986                __LED_tog_pattern
 .text          0x000009a2       0x72 ../../../../CEENBOT-items\libcapi324v22x.a(SPI_open.o)
                0x000009a2                SPI_open
 .text          0x00000a14       0x12 ../../../../CEENBOT-items\libcapi324v22x.a(SPI_set_config_func.o)
                0x00000a14                SPI_set_config_func
 .text          0x00000a26       0xa2 ../../../../CEENBOT-items\libcapi324v22x.a(SPI_set_slave_addr.o)
                0x00000a26                SPI_set_slave_addr
 .text          0x00000ac8       0x1e ../../../../CEENBOT-items\libcapi324v22x.a(SPI_transmit.o)
                0x00000ac8                SPI_transmit
 .text          0x00000ae6        0xe ../../../../CEENBOT-items\libcapi324v22x.a(__SPI_init.o)
                0x00000ae6                __SPI_init
 .text          0x00000af4       0xea ../../../../CEENBOT-items\libcapi324v22x.a(STEPPER_open.o)
                0x00000af4                STEPPER_open
 .text          0x00000bde       0x2e ../../../../CEENBOT-items\libcapi324v22x.a(STEPPER_run.o)
                0x00000bde                STEPPER_run
 .text          0x00000c0c       0x2a ../../../../CEENBOT-items\libcapi324v22x.a(STEPPER_set_dir.o)
                0x00000c0c                STEPPER_set_dir
 .text          0x00000c36       0x2a ../../../../CEENBOT-items\libcapi324v22x.a(STEPPER_set_mode.o)
                0x00000c36                STEPPER_set_mode
 .text          0x00000c60       0x5a ../../../../CEENBOT-items\libcapi324v22x.a(STEPPER_set_speed.o)
                0x00000c60                STEPPER_set_speed
 .text          0x00000cba       0x14 ../../../../CEENBOT-items\libcapi324v22x.a(__STEPPER_init.o)
                0x00000cba                __STEPPER_init
 .text          0x00000cce       0x20 ../../../../CEENBOT-items\libcapi324v22x.a(SYS_decrement_refcount.o)
                0x00000cce                SYS_decrement_refcount
 .text          0x00000cee       0x1a ../../../../CEENBOT-items\libcapi324v22x.a(SYS_increment_refcount.o)
                0x00000cee                SYS_increment_refcount
 .text          0x00000d08       0x18 ../../../../CEENBOT-items\libcapi324v22x.a(SYS_isOpen.o)
                0x00000d08                SYS_isOpen
 .text          0x00000d20       0x48 ../../../../CEENBOT-items\libcapi324v22x.a(ATTINY_open.o)
                0x00000d20                ATTINY_open
 .text          0x00000d68       0x82 ../../../../CEENBOT-items\libcapi324v22x.a(__ATTINY_initialize_params.o)
                0x00000d68                __ATTINY_initialize_params
 .text          0x00000dea       0x5a ../../../../CEENBOT-items\libcapi324v22x.a(TMRSRVC_delay.o)
                0x00000dea                TMRSRVC_delay
 .text          0x00000e44       0x7c ../../../../CEENBOT-items\libcapi324v22x.a(TMRSRVC_new.o)
                0x00000e44                TMRSRVC_new
 .text          0x00000ec0       0xd2 ../../../../CEENBOT-items\libcapi324v22x.a(__TMRSRVC_insert.o)
                0x00000ec0                TMRSRVC_insert
 .text          0x00000f92       0x1c ../../../../CEENBOT-items\libcapi324v22x.a(CBOT_init.o)
                0x00000f92                CBOT_init
 .text          0x00000fae      0x480 ../../../../CEENBOT-items\libcapi324v22x.a(CBOT_isr.o)
                0x00000fae                CBOT_ISR_init
                0x00000fb2                __vector_16
                0x00001004                __vector_17
                0x00001056                __vector_18
                0x000010a8                __vector_9
                0x000010fa                __vector_10
                0x0000114c                __vector_11
                0x0000119e                __vector_13
                0x000011f0                __vector_14
                0x00001242                __vector_12
                0x00001294                __vector_15
                0x000012e6                __vector_4
                0x00001338                __vector_5
                0x0000138a                __vector_6
                0x000013dc                __vector_7
 .text          0x0000142e       0x22 ../../../../CEENBOT-items\libcapi324v22x.a(ISR_open.o)
                0x0000142e                ISR_open
 .text          0x00001450       0x44 ../../../../CEENBOT-items\libcapi324v22x.a(LCD_clear.o)
                0x00001450                LCD_clear
 .text          0x00001494      0x15a ../../../../CEENBOT-items\libcapi324v22x.a(__LCD_putchar.o)
                0x00001494                __LCD_putchar
 .text          0x000015ee       0x10 ../../../../CEENBOT-items\libcapi324v22x.a(ATMEGA_open.o)
                0x000015ee                ATMEGA_open
 .text          0x000015fe       0xa6 ../../../../CEENBOT-items\libcapi324v22x.a(ATMEGA_set_clk_mode.o)
                0x000015fe                ATMEGA_set_clk_mode
 .text          0x000016a4        0x6 ../../../../CEENBOT-items\libcapi324v22x.a(__ATMEGA_init.o)
                0x000016a4                __ATMEGA_init
 .text          0x000016aa       0x52 ../../../../CEENBOT-items\libcapi324v22x.a(SPI_cfgrs.o)
                0x000016aa                SPI_default_config
                0x000016ba                SPI_ATtiny0_config
                0x000016ca                SPI_PSXC_config
                0x000016da                SPI_LCD_config
                0x000016ea                SPI_FLASH_config
 .text          0x000016fc       0x64 ../../../../CEENBOT-items\libcapi324v22x.a(SPKR_close.o)
                0x000016fc                __SPKR_close_beep_mode
                0x00001712                __SPKR_close_tone_mode
                0x0000174c                SPKR_close
 .text          0x00001760      0x136 ../../../../CEENBOT-items\libcapi324v22x.a(SPKR_open.o)
                0x00001760                __SPKR_set_up_freq_LUT
                0x000017fe                __SPKR_open_beep_mode
                0x00001822                __SPKR_open_tone_mode
                0x0000187e                SPKR_open
 .text          0x00001896       0xac ../../../../CEENBOT-items\libcapi324v22x.a(SPKR_play_beep.o)
                0x00001896                SPKR_play_beep
 .text          0x00001942       0x38 ../../../../CEENBOT-items\libcapi324v22x.a(__SPKR_close.o)
                0x00001942                __SPKR_close
 .text          0x0000197a       0x54 ../../../../CEENBOT-items\libcapi324v22x.a(__SPKR_init.o)
                0x0000197a                __SPKR_init
 .text          0x000019ce        0xc ../../../../CEENBOT-items\libcapi324v22x.a(__SPKR_stop.o)
                0x000019ce                __SPKR_stop
 .text          0x000019da       0x1e ../../../../CEENBOT-items\libcapi324v22x.a(SYS_init.o)
                0x000019da                SYS_init
 .text          0x000019f8       0x10 ../../../../CEENBOT-items\libcapi324v22x.a(SYS_set_refcount.o)
                0x000019f8                SYS_set_refcount
 .text          0x00001a08       0x7a ../../../../CEENBOT-items\libcapi324v22x.a(ATTINY_get_firm_rev.o)
                0x00001a08                ATTINY_get_firm_rev
 .text          0x00001a82       0x38 ../../../../CEENBOT-items\libcapi324v22x.a(TMRSRVC_open.o)
                0x00001a82                TMRSRVC_open
 .text          0x00001aba        0x8 ../../../../CEENBOT-items\libcapi324v22x.a(TMRSRVC_start.o)
                0x00001aba                TMRSRVC_start
 .text          0x00001ac2       0x12 ../../../../CEENBOT-items\libcapi324v22x.a(__TMRSRVC_init.o)
                0x00001ac2                __TMRSRVC_init
 .text          0x00001ad4        0xc ../../../../CEENBOT-items\libcapi324v22x.a(__TMRSRVC_start.o)
                0x00001ad4                __TMRSRVC_start
 .text          0x00001ae0       0x28 ../../../../CEENBOT-items\libcapi324v22x.a(ISR_attach.o)
                0x00001ae0                ISR_attach
 .text          0x00001b08       0x22 ../../../../CEENBOT-items\libcapi324v22x.a(__ISR_attach.o)
                0x00001b08                __ISR_attach
 .text          0x00001b2a       0x20 ../../../../CEENBOT-items\libcapi324v22x.a(SPI_receive.o)
                0x00001b2a                SPI_receive
 .text          0x00001b4a        0x6 ../../../../CEENBOT-items\libcapi324v22x.a(ISR__SPKR__TIMER1_COMPA_vect.o)
                0x00001b4a                __SPKR_TIMER1_COMPA_vect
 .text          0x00001b50       0x48 ../../../../CEENBOT-items\libcapi324v22x.a(SPKR_beep.o)
                0x00001b50                SPKR_beep
 .text          0x00001b98       0x82 ../../../../CEENBOT-items\libcapi324v22x.a(SPKR_clk.o)
                0x00001b98                SPKR_clk
 .text          0x00001c1a        0xe ../../../../CEENBOT-items\libcapi324v22x.a(ISR__TIMER0_COMPA_vect.o)
                0x00001c1a                __TIMER0_COMPA_vect
 .text          0x00001c28       0x32 ../../../../CEENBOT-items\libcapi324v22x.a(TMRSRVC_tick.o)
                0x00001c28                TMRSRVC_tick
 .text          0x00001c5a       0x4e ../../../../CEENBOT-items\libcapi324v22x.a(SPKR_beep_clk.o)
                0x00001c5a                SPKR_beep_clk
 .text          0x00001ca8      0x162 ../../../../CEENBOT-items\libcapi324v22x.a(STEPPER_clk.o)
                0x00001ca8                STEPPER_clk
 .text          0x00001e0a       0x8a ../../../../CEENBOT-items\libcapi324v22x.a(STEPPER_process_accel.o)
                0x00001e0a                STEPPER_process_accel
 .text          0x00001e94      0x206 ../../../../CEENBOT-items\libcapi324v22x.a(STEPPER_process_run_mode.o)
                0x00001e94                STEPPER_process_run_mode
 .text          0x0000209a       0xa8 ../../../../CEENBOT-items\libcapi324v22x.a(STEPPER_process_step_mode.o)
                0x0000209a                STEPPER_process_step_mode
 .text          0x00002142       0x4a ../../../../CEENBOT-items\libcapi324v22x.a(STEPPER_stop.o)
                0x00002142                STEPPER_stop
 .text          0x0000218c       0xd6 ../../../../CEENBOT-items\libcapi324v22x.a(TMRSRVC_process.o)
                0x0000218c                TMRSRVC_process
 .text          0x00002262        0x6 ../../../../CEENBOT-items\libcapi324v22x.a(TMRSRVC_stop.o)
                0x00002262                TMRSRVC_stop
 .text          0x00002268      0x130 ../../../../CEENBOT-items\libcapi324v22x.a(STEPPER_process_pwm.o)
                0x00002268                STEPPER_process_pwm
 .text          0x00002398       0x36 ../../../../CEENBOT-items\libcapi324v22x.a(STEPPER_set_steps.o)
                0x00002398                STEPPER_set_steps
                0x000023ce                . = ALIGN (0x2)
 *(.text.*)
 .text.init_adc
                0x000023ce        0xc main.o
                0x000023ce                init_adc
 .text.sample_adc
                0x000023da       0xaa main.o
                0x000023da                sample_adc
 .text.init_USART
                0x00002484       0x16 main.o
                0x00002484                init_USART
 .text.tx_USART
                0x0000249a       0x46 main.o
                0x0000249a                tx_USART
 .text.rx_USART
                0x000024e0       0x3e main.o
                0x000024e0                rx_USART
 .text.CBOT_main
                0x0000251e       0x98 main.o
                0x0000251e                CBOT_main
 .text.avr-libc
                0x000025b6      0x6fa c:/program files (x86)/atmel/studio/7.0/toolchain/avr8/avr8-gnu-toolchain/bin/../lib/gcc/avr/5.4.0/../../../../avr/lib/avr5\libprintf_flt.a(vfprintf_flt.o)
                0x000025b6                vfprintf
 .text.avr-libc.fplib
                0x00002cb0        0xe c:/program files (x86)/atmel/studio/7.0/toolchain/avr8/avr8-gnu-toolchain/bin/../lib/gcc/avr/5.4.0/../../../../avr/lib/avr5\libm.a(addsf3.o)
                0x00002cb0                __subsf3
                0x00002cb2                __addsf3
 .text.avr-libc.fplib
                0x00002cbe       0xcc c:/program files (x86)/atmel/studio/7.0/toolchain/avr8/avr8-gnu-toolchain/bin/../lib/gcc/avr/5.4.0/../../../../avr/lib/avr5\libm.a(addsf3x.o)
                0x00002ce0                __addsf3x
 .text.avr-libc.fplib
                0x00002d8a        0x8 c:/program files (x86)/atmel/studio/7.0/toolchain/avr8/avr8-gnu-toolchain/bin/../lib/gcc/avr/5.4.0/../../../../avr/lib/avr5\libm.a(divsf3.o)
                0x00002d8a                __divsf3
 .text.avr-libc.fplib
                0x00002d92       0xdc c:/program files (x86)/atmel/studio/7.0/toolchain/avr8/avr8-gnu-toolchain/bin/../lib/gcc/avr/5.4.0/../../../../avr/lib/avr5\libm.a(divsf3x.o)
                0x00002db2                __divsf3x
                0x00002db8                __divsf3_pse
 .text.avr-libc.fplib
                0x00002e6e        0xe c:/program files (x86)/atmel/studio/7.0/toolchain/avr8/avr8-gnu-toolchain/bin/../lib/gcc/avr/5.4.0/../../../../avr/lib/avr5\libm.a(fixsfsi.o)
                0x00002e6e                __fixsfsi
 .text.avr-libc.fplib
                0x00002e7c       0x5e c:/program files (x86)/atmel/studio/7.0/toolchain/avr8/avr8-gnu-toolchain/bin/../lib/gcc/avr/5.4.0/../../../../avr/lib/avr5\libm.a(fixunssfsi.o)
                0x00002e7c                __fixunssfsi
 .text.avr-libc.fplib
                0x00002eda       0x7a c:/program files (x86)/atmel/studio/7.0/toolchain/avr8/avr8-gnu-toolchain/bin/../lib/gcc/avr/5.4.0/../../../../avr/lib/avr5\libm.a(floatsisf.o)
                0x00002eda                __floatunsisf
                0x00002ede                __floatsisf
 .text.avr-libc.fplib
                0x00002f54        0xc c:/program files (x86)/atmel/studio/7.0/toolchain/avr8/avr8-gnu-toolchain/bin/../lib/gcc/avr/5.4.0/../../../../avr/lib/avr5\libm.a(fp_inf.o)
                0x00002f54                __fp_inf
 .text.avr-libc.fplib
                0x00002f60        0x6 c:/program files (x86)/atmel/studio/7.0/toolchain/avr8/avr8-gnu-toolchain/bin/../lib/gcc/avr/5.4.0/../../../../avr/lib/avr5\libm.a(fp_nan.o)
                0x00002f60                __fp_nan
 .text.avr-libc.fplib
                0x00002f66        0xe c:/program files (x86)/atmel/studio/7.0/toolchain/avr8/avr8-gnu-toolchain/bin/../lib/gcc/avr/5.4.0/../../../../avr/lib/avr5\libm.a(fp_pscA.o)
                0x00002f66                __fp_pscA
 .text.avr-libc.fplib
                0x00002f74        0xe c:/program files (x86)/atmel/studio/7.0/toolchain/avr8/avr8-gnu-toolchain/bin/../lib/gcc/avr/5.4.0/../../../../avr/lib/avr5\libm.a(fp_pscB.o)
                0x00002f74                __fp_pscB
 .text.avr-libc.fplib
                0x00002f82       0x22 c:/program files (x86)/atmel/studio/7.0/toolchain/avr8/avr8-gnu-toolchain/bin/../lib/gcc/avr/5.4.0/../../../../avr/lib/avr5\libm.a(fp_round.o)
                0x00002f82                __fp_round
 .text.avr-libc.fplib
                0x00002fa4       0x44 c:/program files (x86)/atmel/studio/7.0/toolchain/avr8/avr8-gnu-toolchain/bin/../lib/gcc/avr/5.4.0/../../../../avr/lib/avr5\libm.a(fp_split3.o)
                0x00002fa4                __fp_split3
                0x00002fb4                __fp_splitA
 .text.avr-libc.fplib
                0x00002fe8        0xe c:/program files (x86)/atmel/studio/7.0/toolchain/avr8/avr8-gnu-toolchain/bin/../lib/gcc/avr/5.4.0/../../../../avr/lib/avr5\libm.a(fp_zero.o)
                0x00002fe8                __fp_zero
                0x00002fea                __fp_szero
 .text.avr-libc.fplib
                0x00002ff6       0x7a c:/program files (x86)/atmel/studio/7.0/toolchain/avr8/avr8-gnu-toolchain/bin/../lib/gcc/avr/5.4.0/../../../../avr/lib/avr5\libm.a(lrint.o)
                0x00002ff6                lrint
 .text.avr-libc.fplib
                0x00003070        0x8 c:/program files (x86)/atmel/studio/7.0/toolchain/avr8/avr8-gnu-toolchain/bin/../lib/gcc/avr/5.4.0/../../../../avr/lib/avr5\libm.a(mulsf3.o)
                0x00003070                __mulsf3
 .text.avr-libc.fplib
                0x00003078       0xd2 c:/program files (x86)/atmel/studio/7.0/toolchain/avr8/avr8-gnu-toolchain/bin/../lib/gcc/avr/5.4.0/../../../../avr/lib/avr5\libm.a(mulsf3x.o)
                0x00003096                __mulsf3x
                0x0000309c                __mulsf3_pse
 .text.avr-libc.fplib
                0x0000314a       0xa0 c:/program files (x86)/atmel/studio/7.0/toolchain/avr8/avr8-gnu-toolchain/bin/../lib/gcc/avr/5.4.0/../../../../avr/lib/avr5\libm.a(pow.o)
                0x0000314a                pow
 .text.avr-libc.fplib
                0x000031ea       0x74 c:/program files (x86)/atmel/studio/7.0/toolchain/avr8/avr8-gnu-toolchain/bin/../lib/gcc/avr/5.4.0/../../../../avr/lib/avr5\libm.a(exp.o)
                0x000031fa                exp
 .text.avr-libc.fplib
                0x0000325e       0x4e c:/program files (x86)/atmel/studio/7.0/toolchain/avr8/avr8-gnu-toolchain/bin/../lib/gcc/avr/5.4.0/../../../../avr/lib/avr5\libm.a(fp_powser.o)
                0x0000325e                __fp_powser
 .text.avr-libc.fplib
                0x000032ac       0x10 c:/program files (x86)/atmel/studio/7.0/toolchain/avr8/avr8-gnu-toolchain/bin/../lib/gcc/avr/5.4.0/../../../../avr/lib/avr5\libm.a(inverse.o)
                0x000032ac                inverse
 .text.avr-libc.fplib
                0x000032bc       0x74 c:/program files (x86)/atmel/studio/7.0/toolchain/avr8/avr8-gnu-toolchain/bin/../lib/gcc/avr/5.4.0/../../../../avr/lib/avr5\libm.a(ldexp.o)
                0x000032c4                ldexp
 .text.avr-libc.fplib
                0x00003330       0xa0 c:/program files (x86)/atmel/studio/7.0/toolchain/avr8/avr8-gnu-toolchain/bin/../lib/gcc/avr/5.4.0/../../../../avr/lib/avr5\libm.a(log.o)
                0x00003340                log
 .text.avr-libc.fplib
                0x000033d0       0x68 c:/program files (x86)/atmel/studio/7.0/toolchain/avr8/avr8-gnu-toolchain/bin/../lib/gcc/avr/5.4.0/../../../../avr/lib/avr5\libm.a(modf.o)
                0x000033d0                modf
                0x000033d0                modff
 .text.avr-libc.fplib
                0x00003438       0x1c c:/program files (x86)/atmel/studio/7.0/toolchain/avr8/avr8-gnu-toolchain/bin/../lib/gcc/avr/5.4.0/../../../../avr/lib/avr5\libm.a(fp_mpack.o)
                0x00003438                __fp_mpack
                0x0000343c                __fp_mpack_finite
 .text.libgcc.mul
                0x00003454       0x20 c:/program files (x86)/atmel/studio/7.0/toolchain/avr8/avr8-gnu-toolchain/bin/../lib/gcc/avr/5.4.0/avr5\libgcc.a(_mulsi3.o)
                0x00003454                __mulsi3
 .text.libgcc.div
                0x00003474       0x28 c:/program files (x86)/atmel/studio/7.0/toolchain/avr8/avr8-gnu-toolchain/bin/../lib/gcc/avr/5.4.0/avr5\libgcc.a(_udivmodhi4.o)
                0x00003474                __udivmodhi4
 .text.libgcc.div
                0x0000349c       0x44 c:/program files (x86)/atmel/studio/7.0/toolchain/avr8/avr8-gnu-toolchain/bin/../lib/gcc/avr/5.4.0/avr5\libgcc.a(_udivmodsi4.o)
                0x0000349c                __udivmodsi4
 .text.libgcc.mul
                0x000034e0       0x16 c:/program files (x86)/atmel/studio/7.0/toolchain/avr8/avr8-gnu-toolchain/bin/../lib/gcc/avr/5.4.0/avr5\libgcc.a(_muluhisi3.o)
                0x000034e0                __muluhisi3
 .text.libgcc.prologue
                0x000034f6       0x38 c:/program files (x86)/atmel/studio/7.0/toolchain/avr8/avr8-gnu-toolchain/bin/../lib/gcc/avr/5.4.0/avr5\libgcc.a(_prologue.o)
                0x000034f6                __prologue_saves__
 .text.libgcc.prologue
                0x0000352e       0x36 c:/program files (x86)/atmel/studio/7.0/toolchain/avr8/avr8-gnu-toolchain/bin/../lib/gcc/avr/5.4.0/avr5\libgcc.a(_epilogue.o)
                0x0000352e                __epilogue_restores__
 .text.libgcc.mul
                0x00003564       0x1e c:/program files (x86)/atmel/studio/7.0/toolchain/avr8/avr8-gnu-toolchain/bin/../lib/gcc/avr/5.4.0/avr5\libgcc.a(_umulhisi3.o)
                0x00003564                __umulhisi3
 .text.avr-libc
                0x00003582      0x242 c:/program files (x86)/atmel/studio/7.0/toolchain/avr8/avr8-gnu-toolchain/bin/../lib/gcc/avr/5.4.0/../../../../avr/lib/avr5\libc.a(malloc.o)
                0x00003582                malloc
                0x000036b2                free
 .text.avr-libc
                0x000037c4      0x1b0 c:/program files (x86)/atmel/studio/7.0/toolchain/avr8/avr8-gnu-toolchain/bin/../lib/gcc/avr/5.4.0/../../../../avr/lib/avr5\libc.a(ftoa_engine.o)
                0x000037c4                __ftoa_engine
 .text.avr-libc
                0x00003974       0x16 c:/program files (x86)/atmel/studio/7.0/toolchain/avr8/avr8-gnu-toolchain/bin/../lib/gcc/avr/5.4.0/../../../../avr/lib/avr5\libc.a(strnlen_P.o)
                0x00003974                strnlen_P
 .text.avr-libc
                0x0000398a       0x16 c:/program files (x86)/atmel/studio/7.0/toolchain/avr8/avr8-gnu-toolchain/bin/../lib/gcc/avr/5.4.0/../../../../avr/lib/avr5\libc.a(strnlen.o)
                0x0000398a                strnlen
 .text.avr-libc
                0x000039a0       0x78 c:/program files (x86)/atmel/studio/7.0/toolchain/avr8/avr8-gnu-toolchain/bin/../lib/gcc/avr/5.4.0/../../../../avr/lib/avr5\libc.a(fputc.o)
                0x000039a0                fputc
 .text.avr-libc
                0x00003a18       0x2c c:/program files (x86)/atmel/studio/7.0/toolchain/avr8/avr8-gnu-toolchain/bin/../lib/gcc/avr/5.4.0/../../../../avr/lib/avr5\libc.a(printf.o)
                0x00003a18                printf
 .text.avr-libc
                0x00003a44       0xbc c:/program files (x86)/atmel/studio/7.0/toolchain/avr8/avr8-gnu-toolchain/bin/../lib/gcc/avr/5.4.0/../../../../avr/lib/avr5\libc.a(ultoa_invert.o)
                0x00003a44                __ultoa_invert
                0x00003b00                . = ALIGN (0x2)
 *(.fini9)
 .fini9         0x00003b00        0x0 c:/program files (x86)/atmel/studio/7.0/toolchain/avr8/avr8-gnu-toolchain/bin/../lib/gcc/avr/5.4.0/avr5\libgcc.a(_exit.o)
                0x00003b00                _exit
                0x00003b00                exit
 *(.fini9)
 *(.fini8)
 *(.fini8)
 *(.fini7)
 *(.fini7)
 *(.fini6)
 *(.fini6)
 *(.fini5)
 *(.fini5)
 *(.fini4)
 *(.fini4)
 *(.fini3)
 *(.fini3)
 *(.fini2)
 *(.fini2)
 *(.fini1)
 *(.fini1)
 *(.fini0)
 .fini0         0x00003b00        0x4 c:/program files (x86)/atmel/studio/7.0/toolchain/avr8/avr8-gnu-toolchain/bin/../lib/gcc/avr/5.4.0/avr5\libgcc.a(_exit.o)
 *(.fini0)
                0x00003b04                _etext = .

.data           0x00800100       0x42 load address 0x00003b04
                0x00800100                PROVIDE (__data_start, .)
 *(.data)
 .data          0x00800100        0x1 ../../../../CEENBOT-items\libcapi324v22x.a(ADC_set_channel.o)
 .data          0x00800101        0xe ../../../../CEENBOT-items\libcapi324v22x.a(LCD_globals.o)
                0x00800101                LCD_stdout
 .data          0x0080010f        0x8 ../../../../CEENBOT-items\libcapi324v22x.a(STEPPER_globals.o)
                0x0080010f                Motor_L_LUT
                0x00800113                Motor_R_LUT
 .data          0x00800117        0x6 c:/program files (x86)/atmel/studio/7.0/toolchain/avr8/avr8-gnu-toolchain/bin/../lib/gcc/avr/5.4.0/../../../../avr/lib/avr5\libc.a(malloc.o)
                0x00800117                __malloc_heap_end
                0x00800119                __malloc_heap_start
                0x0080011b                __malloc_margin
 *(.data*)
 *(.gnu.linkonce.d*)
 *(.rodata)
 *(.rodata*)
 .rodata.str1.1
                0x0080011d       0x25 main.o
 *(.gnu.linkonce.r*)
                0x00800142                . = ALIGN (0x2)
                0x00800142                _edata = .
                0x00800142                PROVIDE (__data_end, .)

.bss            0x00800142      0x11c
                0x00800142                PROVIDE (__bss_start, .)
 *(.bss)
 .bss           0x00800142       0x40 ../../../../CEENBOT-items\libcapi324v22x.a(ISR_globals.o)
                0x00800142                CBOT_ISR_vtable
 .bss           0x00800182       0x10 ../../../../CEENBOT-items\libcapi324v22x.a(SPI_globals.o)
                0x00800182                spi_config_func_LUT
 .bss           0x00800192       0x10 ../../../../CEENBOT-items\libcapi324v22x.a(SPKR_globals.o)
                0x00800192                tone_mode_active
                0x00800193                beep_mode_active
                0x00800194                spkr_accum32
                0x00800198                spkr_freq
                0x0080019c                beep_accum16
                0x0080019e                beep_freq
                0x008001a0                p_Freq_LUT
 .bss           0x008001a2        0x2 ../../../../CEENBOT-items\libcapi324v22x.a(TMRSRVC_globals.o)
                0x008001a2                timer_busy_status
                0x008001a3                timer_run_status
 .bss           0x008001a4        0x1 ../../../../CEENBOT-items\libcapi324v22x.a(STEPPER_process_run_mode.o)
 .bss           0x008001a5        0x4 ../../../../CEENBOT-items\libcapi324v22x.a(STEPPER_process_pwm.o)
 *(.bss*)
 .bss.sense_timer_2.3755
                0x008001a9        0x9 main.o
 .bss.timer_started.3754
                0x008001b2        0x1 main.o
 .bss.sense_timer.3747
                0x008001b3        0x9 main.o
 .bss.timer_started.3746
                0x008001bc        0x1 main.o
 *(COMMON)
 COMMON         0x008001bd       0x22 main.o
                0x008001bd                temp2
                0x008001bf                transmit_temp
                0x008001c1                temp
                0x008001c5                adc_array
                0x008001d9                MYUBRR
                0x008001db                remote_temp
                0x008001dd                sample
 COMMON         0x008001df       0x15 ../../../../CEENBOT-items\libcapi324v22x.a(SYS_globals.o)
                0x008001df                CBOT_SYSTEM_refcount
 COMMON         0x008001f4        0x5 ../../../../CEENBOT-items\libcapi324v22x.a(LCD_globals.o)
                0x008001f4                LCD_params
 COMMON         0x008001f9        0x1 ../../../../CEENBOT-items\libcapi324v22x.a(SPI_globals.o)
                0x008001f9                curr_spi_addr
 COMMON         0x008001fa       0x39 ../../../../CEENBOT-items\libcapi324v22x.a(STEPPER_globals.o)
                0x008001fa                STEPPER_params
                0x00800231                step_done
 COMMON         0x00800233       0x1e ../../../../CEENBOT-items\libcapi324v22x.a(ATTINY_globals.o)
                0x00800233                ATTINY_params
 COMMON         0x00800251        0x3 ../../../../CEENBOT-items\libcapi324v22x.a(TMRSRVC_globals.o)
                0x00800251                tmrNodes
 COMMON         0x00800254        0x4 c:/program files (x86)/atmel/studio/7.0/toolchain/avr8/avr8-gnu-toolchain/bin/../lib/gcc/avr/5.4.0/../../../../avr/lib/avr5\libc.a(malloc.o)
                0x00800254                __brkval
                0x00800256                __flp
 COMMON         0x00800258        0x6 c:/program files (x86)/atmel/studio/7.0/toolchain/avr8/avr8-gnu-toolchain/bin/../lib/gcc/avr/5.4.0/../../../../avr/lib/avr5\libc.a(iob.o)
                0x00800258                __iob
                0x0080025e                PROVIDE (__bss_end, .)
                0x00003b04                __data_load_start = LOADADDR (.data)
                0x00003b46                __data_load_end = (__data_load_start + SIZEOF (.data))

.noinit         0x0080025e        0x0
                [!provide]                PROVIDE (__noinit_start, .)
 *(.noinit*)
                [!provide]                PROVIDE (__noinit_end, .)
                0x0080025e                _end = .
                0x0080025e                PROVIDE (__heap_start, .)

.eeprom         0x00810000        0x0
 *(.eeprom*)
                0x00810000                __eeprom_end = .

.fuse
 *(.fuse)
 *(.lfuse)
 *(.hfuse)
 *(.efuse)

.lock
 *(.lock*)

.signature
 *(.signature*)

.user_signatures
 *(.user_signatures*)

.stab
 *(.stab)

.stabstr
 *(.stabstr)

.stab.excl
 *(.stab.excl)

.stab.exclstr
 *(.stab.exclstr)

.stab.index
 *(.stab.index)

.stab.indexstr
 *(.stab.indexstr)

.comment        0x00000000       0x5c
 *(.comment)
 .comment       0x00000000       0x30 main.o
                                 0x31 (size before relaxing)
 .comment       0x00000030       0x2c c:/program files (x86)/atmel/studio/7.0/toolchain/avr8/avr8-gnu-toolchain/bin/../lib/gcc/avr/5.4.0/../../../../avr/lib/avr5\libprintf_flt.a(vfprintf_flt.o)
                                 0x2d (size before relaxing)
 .comment       0x0000005c       0x31 c:/program files (x86)/atmel/studio/7.0/toolchain/avr8/avr8-gnu-toolchain/bin/../lib/gcc/avr/5.4.0/../../../../avr/lib/avr5\libc.a(malloc.o)
 .comment       0x0000005c       0x31 c:/program files (x86)/atmel/studio/7.0/toolchain/avr8/avr8-gnu-toolchain/bin/../lib/gcc/avr/5.4.0/../../../../avr/lib/avr5\libc.a(fputc.o)
 .comment       0x0000005c       0x31 c:/program files (x86)/atmel/studio/7.0/toolchain/avr8/avr8-gnu-toolchain/bin/../lib/gcc/avr/5.4.0/../../../../avr/lib/avr5\libc.a(iob.o)
 .comment       0x0000005c       0x31 c:/program files (x86)/atmel/studio/7.0/toolchain/avr8/avr8-gnu-toolchain/bin/../lib/gcc/avr/5.4.0/../../../../avr/lib/avr5\libc.a(printf.o)

.note.gnu.avr.deviceinfo
                0x00000000       0x40
 .note.gnu.avr.deviceinfo
                0x00000000       0x40 C:/Program Files (x86)/Atmel/Studio/7.0/Packs/atmel/ATmega_DFP/1.2.150/gcc/dev/atmega324p/avr5/crtatmega324p.o

.note.gnu.build-id
 *(.note.gnu.build-id)

.debug
 *(.debug)

.line
 *(.line)

.debug_srcinfo
 *(.debug_srcinfo)

.debug_sfnames
 *(.debug_sfnames)

.debug_aranges
 *(.debug_aranges)

.debug_pubnames
 *(.debug_pubnames)

.debug_info     0x00000000      0x6cc
 *(.debug_info .gnu.linkonce.wi.*)
 .debug_info    0x00000000      0x6cc C:/Program Files (x86)/Atmel/Studio/7.0/Packs/atmel/ATmega_DFP/1.2.150/gcc/dev/atmega324p/avr5/crtatmega324p.o

.debug_abbrev   0x00000000      0x66e
 *(.debug_abbrev)
 .debug_abbrev  0x00000000      0x66e C:/Program Files (x86)/Atmel/Studio/7.0/Packs/atmel/ATmega_DFP/1.2.150/gcc/dev/atmega324p/avr5/crtatmega324p.o

.debug_line     0x00000000      0x151
 *(.debug_line .debug_line.* .debug_line_end)
 .debug_line    0x00000000      0x151 C:/Program Files (x86)/Atmel/Studio/7.0/Packs/atmel/ATmega_DFP/1.2.150/gcc/dev/atmega324p/avr5/crtatmega324p.o

.debug_frame
 *(.debug_frame)

.debug_str      0x00000000      0x255
 *(.debug_str)
 .debug_str     0x00000000      0x255 C:/Program Files (x86)/Atmel/Studio/7.0/Packs/atmel/ATmega_DFP/1.2.150/gcc/dev/atmega324p/avr5/crtatmega324p.o

.debug_loc
 *(.debug_loc)

.debug_macinfo
 *(.debug_macinfo)

.debug_weaknames
 *(.debug_weaknames)

.debug_funcnames
 *(.debug_funcnames)

.debug_typenames
 *(.debug_typenames)

.debug_varnames
 *(.debug_varnames)

.debug_pubtypes
 *(.debug_pubtypes)

.debug_ranges
 *(.debug_ranges)

.debug_macro
 *(.debug_macro)
OUTPUT(Comm Systems Final Project.elf elf32-avr)
LOAD linker stubs
